// Jest Snapshot v1, https://goo.gl/fbAQLP

exports[`runs test with isolate modules async import 1`] = `
"Test Suites: 1 passed, 1 total
Tests:       1 passed, 1 total
Snapshots:   0 total
Time:        <<REPLACED>>
Ran all test suites."
`;
