// Jest Snapshot v1, https://goo.gl/fbAQLP

exports[`all 3 test files should complete 1`] = `
"Test Suites: 1 failed, 2 passed, 3 total
Tests:       2 passed, 2 total
Snapshots:   0 total
Time:        <<REPLACED>>
Ran all test suites."
`;
